// Jest Snapshot v1, https://goo.gl/fbAQLP

exports[`init should render correctly 1`] = `
<div
  className="bg-dreme"
>
  <header>
    Zzz
  </header>
  <UISref
    to="journal"
  >
    <a>
      Journal
    </a>
  </UISref>
</div>
`;
