// Jest Snapshot v1, https://goo.gl/fbAQLP

exports[`init should render correctly 1`] = `
<div
  className="bg-red"
>
  <header>
    Journal
  </header>
  <UISref
    to="dashboard"
  >
    <a>
      Dashboard
    </a>
  </UISref>
</div>
`;
